<html>
<body>
<pre>
<h1>µVision Build Log</h1>
<h2>Tool Versions:</h2>
IDE-Version: µVision V5.24.2.0
Copyright (C) 2017 ARM Ltd and ARM Germany GmbH. All rights reserved.
License Information: ken b, non, LIC=----
 
Tool Versions:
Toolchain:       MDK-Lite  Version: 5.24.1
Toolchain Path:  C:\Keil_v5\ARM\ARMCC\Bin
C Compiler:      Armcc.exe V5.06 update 5 (build 528)
Assembler:       Armasm.exe V5.06 update 5 (build 528)
Linker/Locator:  ArmLink.exe V5.06 update 5 (build 528)
Library Manager: ArmAr.exe V5.06 update 5 (build 528)
Hex Converter:   FromElf.exe V5.06 update 5 (build 528)
CPU DLL:         SARMCM3.DLL V5.24.1
Dialog DLL:      DCM.DLL V1.16.0.0
Target DLL:      Segger\JL2CM3.dll V2.99.26.0
Dialog DLL:      TCM.DLL V1.32.0.0
 
<h2>Project:</h2>
C:\Users\kenbo\Google Drive\School\ECE 3992\git_base\steppers\MDK-ARM\M7.uvprojx
Project File Date:  10/24/2017

<h2>Output:</h2>
*** Using Compiler 'V5.06 update 5 (build 528)', folder: 'C:\Keil_v5\ARM\ARMCC\Bin'
Build target 'M7'
compiling stm32f7xx_hal_pwr.c...
compiling stm32f7xx_hal_i2c_ex.c...
compiling stm32f7xx_hal_flash.c...
compiling stm32f7xx_hal_gpio.c...
compiling stm32f7xx_hal.c...
compiling stm32f7xx_hal_dma_ex.c...
compiling stm32f7xx_hal_pwr_ex.c...
compiling stm32f7xx_hal_rcc_ex.c...
compiling stm32f7xx_hal_rcc.c...
compiling stm32f7xx_hal_flash_ex.c...
compiling stm32f7xx_hal_cortex.c...
compiling stm32f7xx_hal_i2c.c...
compiling stm32f7xx_hal_dma.c...
compiling system_stm32f7xx.c...
compiling stm32f7xx_it.c...
compiling stm32f7xx_hal_msp.c...
compiling gpio.c...
compiling main.c...
compiling queue.c...
compiling stepper.c...
compiling stepper_control.c...
..\Src\stepper_control.c(109): warning:  #550-D: variable "type"  was set but never used
  	char type;
..\Src\stepper_control.c(110): warning:  #550-D: variable "capture"  was set but never used
  	char capture = 0;
..\Src\stepper_control.c(111): warning:  #550-D: variable "promote"  was set but never used
  	char promote = 0;
..\Src\stepper_control.c: 3 warnings, 0 errors
compiling uart.c...
linking...
Program Size: Code=4564 RO-data=504 RW-data=68 ZI-data=2580  
"M7\M7.axf" - 0 Error(s), 3 Warning(s).

<h2>Software Packages used:</h2>

Package Vendor: ARM
                http://www.keil.com/pack/ARM.CMSIS.5.1.0.pack
                ARM.CMSIS.5.1.0
                CMSIS (Cortex Microcontroller Software Interface Standard)
   * Component: CORE Version: 5.0.2

Package Vendor: Keil
                http://www.keil.com/pack/Keil.STM32F7xx_DFP.2.9.0.pack
                Keil.STM32F7xx_DFP.2.9.0
                STMicroelectronics STM32F7 Series Device Support, Drivers and Examples

<h2>Collection of Component include folders:</h2>
  .\RTE\_M7
  C:\Keil_v5\ARM\PACK\ARM\CMSIS\5.1.0\CMSIS\Include
  C:\Keil_v5\ARM\PACK\Keil\STM32F7xx_DFP\2.9.0\Drivers\CMSIS\Device\ST\STM32F7xx\Include

<h2>Collection of Component Files used:</h2>

   * Component: ARM::CMSIS:CORE:5.0.2
Build Time Elapsed:  00:00:58
</pre>
</body>
</html>
