<html>
<body>
<pre>
<h1>µVision Build Log</h1>
<h2>Tool Versions:</h2>
IDE-Version: µVision V5.24.2.0
Copyright (C) 2017 ARM Ltd and ARM Germany GmbH. All rights reserved.
License Information: ken b, non, LIC=----
 
Tool Versions:
Toolchain:       MDK-Lite  Version: 5.24.1
Toolchain Path:  C:\Keil_v5\ARM\ARMCC\Bin
C Compiler:      Armcc.exe V5.06 update 5 (build 528)
Assembler:       Armasm.exe V5.06 update 5 (build 528)
Linker/Locator:  ArmLink.exe V5.06 update 5 (build 528)
Library Manager: ArmAr.exe V5.06 update 5 (build 528)
Hex Converter:   FromElf.exe V5.06 update 5 (build 528)
CPU DLL:         SARMCM3.DLL V5.24.1
Dialog DLL:      DCM.DLL V1.16.0.0
Target DLL:      Segger\JL2CM3.dll V2.99.26.0
Dialog DLL:      TCM.DLL V1.32.0.0
 
<h2>Project:</h2>
C:\Users\kenbo\Documents\github\austin code\steppers\MDK-ARM\ADC.uvprojx
Project File Date:  10/31/2017

<h2>Output:</h2>
*** Using Compiler 'V5.06 update 5 (build 528)', folder: 'C:\Keil_v5\ARM\ARMCC\Bin'
Rebuild target 'ADC'
compiling system_stm32f7xx.c...
compiling stm32f7xx_hal_pwr_ex.c...
compiling stm32f7xx_hal_rcc.c...
compiling stm32f7xx_hal_i2c_ex.c...
compiling stm32f7xx_hal.c...
compiling stm32f7xx_hal_rcc_ex.c...
compiling stm32f7xx_hal_tim_ex.c...
compiling stm32f7xx_hal_flash.c...
compiling stm32f7xx_hal_i2c.c...
compiling stm32f7xx_hal_dma.c...
compiling stm32f7xx_hal_pwr.c...
compiling stm32f7xx_hal_dma_ex.c...
compiling stm32f7xx_hal_cortex.c...
compiling stm32f7xx_hal_flash_ex.c...
compiling stm32f7xx_hal_gpio.c...
assembling startup_stm32f746xx.s...
compiling stm32f7xx_hal_tim.c...
compiling stm32f7xx_it.c...
compiling stm32f7xx_hal_uart.c...
compiling main.c...
../Src/main.c(294): warning:  #177-D: function "MX_GPIO_Init"  was declared but never referenced
  static void MX_GPIO_Init(void)
../Src/main.c(272): warning:  #177-D: function "MX_USART1_UART_Init"  was declared but never referenced
  static void MX_USART1_UART_Init(void)
../Src/main.c(235): warning:  #177-D: function "MX_ADC1_Init"  was declared but never referenced
  static void MX_ADC1_Init(void)
../Src/main.c: 3 warnings, 0 errors
compiling stm32f7xx_hal_msp.c...
compiling hall_array_library.c...
..\Src\hall_array_library.c(30): warning:  #177-D: variable "row"  was declared but never referenced
  	unsigned row = 0, col = 0;
..\Src\hall_array_library.c(30): warning:  #177-D: variable "col"  was declared but never referenced
  	unsigned row = 0, col = 0;
..\Src\hall_array_library.c(83): warning:  #177-D: variable "x"  was declared but never referenced
  	int x = 0;
..\Src\hall_array_library.c(84): warning:  #550-D: variable "temp"  was set but never used
  	board_buffer temp;
..\Src\hall_array_library.c(106): warning:  #550-D: variable "val"  was set but never used
  	float val = 0;
..\Src\hall_array_library.c(189): warning:  #177-D: variable "string_int"  was declared but never referenced
  			int string_int = reading & 0x0fff;
..\Src\hall_array_library.c(252): warning:  #177-D: variable "reading"  was declared but never referenced
  	int16_t reading = 0;
..\Src\hall_array_library.c(264): warning:  #177-D: variable "temp"  was declared but never referenced
  	board_buffer temp;
..\Src\hall_array_library.c(359): warning:  #1-D: last line of file ends without a newline
  }
..\Src\hall_array_library.c: 9 warnings, 0 errors
linking...
Program Size: Code=4652 RO-data=504 RW-data=8 ZI-data=1408  
"ADC\ADC.axf" - 0 Error(s), 12 Warning(s).

<h2>Software Packages used:</h2>

Package Vendor: ARM
                http://www.keil.com/pack/ARM.CMSIS.5.1.0.pack
                ARM.CMSIS.5.1.0
                CMSIS (Cortex Microcontroller Software Interface Standard)
   * Component: CORE Version: 5.0.2

Package Vendor: Keil
                http://www.keil.com/pack/Keil.STM32F7xx_DFP.2.9.0.pack
                Keil.STM32F7xx_DFP.2.9.0
                STMicroelectronics STM32F7 Series Device Support, Drivers and Examples

<h2>Collection of Component include folders:</h2>
  .\RTE\_ADC
  C:\Keil_v5\ARM\PACK\ARM\CMSIS\5.1.0\CMSIS\Include
  C:\Keil_v5\ARM\PACK\Keil\STM32F7xx_DFP\2.9.0\Drivers\CMSIS\Device\ST\STM32F7xx\Include

<h2>Collection of Component Files used:</h2>

   * Component: ARM::CMSIS:CORE:5.0.2
Build Time Elapsed:  00:00:58
</pre>
</body>
</html>
